 
****************************************
Report : timing
        -path full
        -delay max
        -input_pins
        -nets
        -max_paths 1
        -transition_time
        -capacitance
Design : fp32mul_pipe
Version: G-2012.06
Date   : Fri Apr 26 14:45:48 2024
****************************************

 * Some/all delay information is back-annotated.

Operating Conditions: NomLeak   Library: CORE90GPSVT
Wire Load Model Mode: Inactive.

  Startpoint: REGY_Z_reg_9_
              (rising edge-triggered flip-flop clocked by CLK)
  Endpoint: SIGNIFICAND_REGPIPE_Z_reg_13_
            (rising edge-triggered flip-flop clocked by CLK)
  Path Group: CLK
  Path Type: max

Attributes:
    d - dont_touch
    u - dont_use
   mo - map_only
   so - size_only
    i - ideal_net or ideal_network

  Point                                       Fanout       Cap     Trans      Incr       Path      Attributes
  ----------------------------------------------------------------------------------------------------------------
  clock CLK (rise edge)                                                   0.000000   0.000000
  clock network delay (ideal)                                             0.000000   0.000000
  REGY_Z_reg_9_/CP (FD4QSVTX4)                                  0.000000  0.000000   0.000000 r
  REGY_Z_reg_9_/Q (FD4QSVTX4)                                   0.109030  0.185257   0.185257 f
  n1757 (net)                                  18     0.123777            0.000000   0.185257 f
  U2504/A (IVSVTX4)                                             0.109030  0.000513 * 0.185771 f
  U2504/Z (IVSVTX4)                                             0.037368  0.041703   0.227474 r
  n4757 (net)                                   2     0.021370            0.000000   0.227474 r
  U2087/A (AO7ABSVTX8)                                          0.037368  0.000280 * 0.227753 r
  U2087/Z (AO7ABSVTX8)                                          0.024080  0.046917   0.274671 r
  n3093 (net)                                   2     0.016954            0.000000   0.274671 r
  U4628/B (AN2SVTX8)                                            0.024080  0.000150 * 0.274821 r
  U4628/Z (AN2SVTX8)                                            0.020493  0.037593   0.312414 r
  n4775 (net)                                   1     0.026431            0.000000   0.312414 r
  U4627/A (IVSVTX12)                                            0.020493  0.000028 * 0.312442 r
  U4627/Z (IVSVTX12)                                            0.020108  0.017038   0.329481 f
  n3431 (net)                                  11     0.081315            0.000000   0.329481 f
  U2311/A (AO4SVTX4)                                            0.020108  0.000182 * 0.329663 f
  U2311/Z (AO4SVTX4)                                            0.047256  0.026351   0.356015 r
  n2551 (net)                                   1     0.010065            0.000000   0.356015 r
  U2671/B (EOSVTX4)                                             0.047256  0.000125 * 0.356140 r
  U2671/Z (EOSVTX4)                                             0.027843  0.063789   0.419929 f
  n2589 (net)                                   3     0.016680            0.000000   0.419929 f
  U2670/B (NR2SVTX2)                                            0.027843  0.000101 * 0.420030 f
  U2670/Z (NR2SVTX2)                                            0.050758  0.035939   0.455969 r
  n2588 (net)                                   2     0.011116            0.000000   0.455969 r
  U2719/A (NR2SVTX2)                                            0.050758  0.000019 * 0.455988 r
  U2719/Z (NR2SVTX2)                                            0.027658  0.031376   0.487363 f
  n2594 (net)                                   1     0.004123            0.000000   0.487363 f
  U3530/B (ND2SVTX2)                                            0.027658  0.000020 * 0.487384 f
  U3530/Z (ND2SVTX2)                                            0.032740  0.024631   0.512015 r
  n4570 (net)                                   1     0.007361            0.000000   0.512015 r
  U3529/B (ND2SVTX4)                                            0.032740  0.000035 * 0.512050 r
  U3529/Z (ND2SVTX4)                                            0.022599  0.019575   0.531624 f
  n2610 (net)                                   2     0.012228            0.000000   0.531624 f
  U3526/A (IVHVTX4)                                             0.022599  0.000046 * 0.531670 f
  U3526/Z (IVHVTX4)                                             0.023902  0.021874   0.553544 r
  n4569 (net)                                   2     0.013589            0.000000   0.553544 r
  U3523/B (ND2SVTX4)                                            0.023902  0.000005 * 0.553549 r
  U3523/Z (ND2SVTX4)                                            0.025860  0.017420   0.570969 f
  n2609 (net)                                   2     0.011680            0.000000   0.570969 f
  U2091/A (IVSVTX2)                                             0.025860  0.000030 * 0.571000 f
  U2091/Z (IVSVTX2)                                             0.024489  0.020565   0.591565 r
  n2595 (net)                                   1     0.009603            0.000000   0.591565 r
  U2205/B (NR2SVTX4)                                            0.024489  0.000146 * 0.591711 r
  U2205/Z (NR2SVTX4)                                            0.026386  0.018359   0.610070 f
  n2649 (net)                                   2     0.010829            0.000000   0.610070 f
  U2310/A (IVSVTX2)                                             0.026386  0.000115 * 0.610185 f
  U2310/Z (IVSVTX2)                                             0.024327  0.020553   0.630739 r
  n2650 (net)                                   1     0.009460            0.000000   0.630739 r
  U3502/B (EOSVTX4)                                             0.024327  0.000085 * 0.630824 r
  U3502/Z (EOSVTX4)                                             0.026835  0.054967   0.685791 f
  n4566 (net)                                   1     0.015538            0.000000   0.685791 f
  U3499/B (EOSVTX8)                                             0.026835  0.000177 * 0.685968 f
  U3499/Z (EOSVTX8)                                             0.024969  0.049636   0.735605 r
  n2818 (net)                                   3     0.032869            0.000000   0.735605 r
  U1845/B (ND2ASVTX4)                                           0.024969  0.000004 * 0.735609 r
  U1845/Z (ND2ASVTX4)                                           0.020102  0.015721   0.751330 f
  n4565 (net)                                   1     0.008098            0.000000   0.751330 f
  U2160/C (AO7AHVTX6)                                           0.020102  0.000007 * 0.751337 f
  U2160/Z (AO7AHVTX6)                                           0.052503  0.040327   0.791664 r
  n1916 (net)                                   2     0.018086            0.000000   0.791664 r
  U4754/A (ND2HVTX4)                                            0.052503  0.000133 * 0.791797 r
  U4754/Z (ND2HVTX4)                                            0.022562  0.031219   0.823015 f
  n4912 (net)                                   1     0.007543            0.000000   0.823015 f
  U4753/A (IVHVTX4)                                             0.022562  0.000003 * 0.823018 f
  U4753/Z (IVHVTX4)                                             0.016344  0.017446   0.840464 r
  n4911 (net)                                   1     0.007029            0.000000   0.840464 r
  U1832/A (NR2SVTX4)                                            0.016344  0.000002 * 0.840466 r
  U1832/Z (NR2SVTX4)                                            0.024566  0.022274   0.862740 f
  n2820 (net)                                   2     0.011615            0.000000   0.862740 f
  U2159/B (ND2ASVTX4)                                           0.024566  0.000003 * 0.862743 f
  U2159/Z (ND2ASVTX4)                                           0.023357  0.018139   0.880882 r
  n4910 (net)                                   1     0.007581            0.000000   0.880882 r
  U4752/A (IVHVTX4)                                             0.023357  0.000005 * 0.880887 r
  U4752/Z (IVHVTX4)                                             0.013349  0.015247   0.896134 f
  SIGNIFICAND_MULT_ARRAY_PP_TREE_D_03_N135 (net)     2 0.009815           0.000000   0.896134 f
  U2232/C (AO6ABSVTX4)                                          0.013349  0.000041 * 0.896175 f
  U2232/Z (AO6ABSVTX4)                                          0.018189  0.018122   0.914297 r
  SIGNIFICAND_PS_stage[13] (net)                1     0.002744            0.000000   0.914297 r
  SIGNIFICAND_REGPIPE_Z_reg_13_/D (FD2QSVTX1)                   0.018189  0.000011 * 0.914308 r
  data arrival time                                                                  0.914308

  clock CLK (rise edge)                                                   1.000000   1.000000
  clock network delay (ideal)                                             0.000000   1.000000
  SIGNIFICAND_REGPIPE_Z_reg_13_/CP (FD2QSVTX1)                            0.000000   1.000000 r
  library setup time                                                      -0.085483  0.914517
  data required time                                                                 0.914517
  ----------------------------------------------------------------------------------------------------------------
  data required time                                                                 0.914517
  data arrival time                                                                  -0.914308
  ----------------------------------------------------------------------------------------------------------------
  slack (MET)                                                                        0.000209


1
